node.exe : ΓÜá Warning: Next.js inferred your workspace root, but it may not 
be correct.
At line:1 char:1
+ & "C:\nvm4w\nodejs/node.exe" "C:\nvm4w\nodejs/node_modules/npm/bin/np ...
+ ~~~~~~~~~~~~~~~~~~~~~~~~~~~~~~~~~~~~~~~~~~~~~~~~~~~~~~~~~~~~~~~~~~~~~
    + CategoryInfo          : NotSpecified: (ΓÜá Warning: Ne...not be correct. 
   :String) [], RemoteException
    + FullyQualifiedErrorId : NativeCommandError
 
 We detected multiple lockfiles and selected the directory of 
C:\Users\tyler\package-lock.json as the root directory.
 To silence this warning, set `turbopack.root` in your Next.js config, or 
consider removing one of the lockfiles if it's not needed.
   See https://nextjs.org/docs/app/api-reference/config/next-config-js/turbopac
k#root-directory for more information.
 Detected additional lockfiles: 
   * C:\Users\tyler\OneDrive\Desktop\Code\Projects\Projects-Github\massachusett
s-transit-optimizer\package-lock.json
   * 
C:\Users\tyler\OneDrive\Desktop\Code\Projects\Projects-Github\package-lock.json

Γû▓ Next.js 16.1.6 (Turbopack)
- Environments: .env

  Creating an optimized production build ...
Γ£ô Compiled successfully in 1780.7ms
  Running TypeScript ...
  Collecting page data using 23 workers ...
  Generating static pages using 23 workers (0/6) ...
  Generating static pages using 23 workers (1/6) 
  Generating static pages using 23 workers (2/6) 
  Generating static pages using 23 workers (4/6) 
Γ£ô Generating static pages using 23 workers (6/6) in 468.2ms
  Finalizing page optimization ...

Route (app)
Γöî Γùï /
Γö£ Γùï /_not-found
Γö£ ╞Æ /api/optimize-route
Γöö ╞Æ /api/station-info


Γùï  (Static)   prerendered as static content
╞Æ  (Dynamic)  server-rendered on demand

